  AS historik klar (3560 matcher)
  SE2 historik klar (0 matcher)
  SE3N historik klar (427 matcher)
  SE3S historik klar (430 matcher)
  BR historik klar (5597 matcher)
  BR2 historik klar (675 matcher)
  CL historik klar (0 matcher)
  EL historik klar (0 matcher)
  ECL historik klar (0 matcher)
  NO historik klar (3550 matcher)
  NO2 historik klar (424 matcher)
  DK historik klar (3006 matcher)
  DK2 historik klar (246 matcher)
  HR historik klar (227 matcher)
  JP1 historik klar (4603 matcher)
  JP2 historik klar (820 matcher)
  JP3 historik klar (460 matcher)
  KR historik klar (407 matcher)
  MX historik klar (4734 matcher)
  MLS historik klar (6204 matcher)
  CZ historik klar (341 matcher)
  CHI historik klar (423 matcher)
  COL historik klar (757 matcher)
  AR historik klar (6385 matcher)
  SE3N Div 1 Norra: 29 kommande, historik 427
  SE3S Div 1 Södra: 26 kommande, historik 430
  NO2 OBOS-ligaen: 31 kommande, historik 424
  DK2 1. division: 12 kommande, historik 246
  HR HNL: 10 kommande, historik 227
  JP2 J2 League: 30 kommande, historik 820
  JP3 J3 League: 30 kommande, historik 460
  KR K League 1: 13 kommande, historik 407
  CZ Chance Liga: 17 kommande, historik 341
  SB Serie B: 20 kommande
  BL2 2. Bundesliga: 18 kommande
  AS Allsvenskan: 15 kommande, historik 3560
  BR Brasileirão Série A: 32 kommande, historik 5597
  BR2 Brasileirão Série B: 43 kommande, historik 675
  CL Champions League: 18 kommande
  EL Europa League: 18 kommande
  ECL Conference League: 18 kommande
  NO Eliteserien: 16 kommande, historik 3550
  DK Superligaen: 11 kommande, historik 3006
  PT Primeira Liga: 9 kommande
  GR Super League: 14 kommande
  JP1 J1 League: 20 kommande, historik 4603
  MX Liga MX: 21 kommande, historik 4734
  MLS MLS: 48 kommande, historik 6204
  CHI Primera División: 9 kommande, historik 423
  COL Primera A: 35 kommande, historik 757
  AR Liga Profesional: 45 kommande, historik 6385
Extra ligor: 608 kommande matcher -> upcoming-fixtures.json
