Auto-uppslagning: 492 lag utanfor TEAM_WIKI, 237 nya att soka
  429 - vantar 50 s
  429 - vantar 51 s
  25 sokningar...
  429 - vantar 52 s
  429 - vantar 51 s
  429 - vantar 51 s
  50 sokningar...
  429 - vantar 52 s
  429 - vantar 51 s
  75 sokningar...
  429 - vantar 52 s
  429 - vantar 51 s
  429 - vantar 52 s
  100 sokningar...
  429 - vantar 51 s
  429 - vantar 51 s
  125 sokningar...
  429 - vantar 51 s
  429 - vantar 52 s
  429 - vantar 52 s
  150 sokningar...
  429 - vantar 51 s
  429 - vantar 52 s
  175 sokningar...
  429 - vantar 51 s
  429 - vantar 52 s
  429 - vantar 52 s
  200 sokningar...
  429 - vantar 52 s
  429 - vantar 52 s
  225 sokningar...
  429 - vantar 52 s
  429 - vantar 51 s
  429 - vantar 58 s
Venues: 669/689 lag med koordinater -> C:\Users\Danie\Desktop\Program\Betting ny\data\open\venues.json
  PROBLEM Sarmiento Junin: hittade varken klubb eller stad
  PROBLEM Dep. Riestra: hittade varken klubb eller stad
  PROBLEM Atl. Tucuman: hittade varken klubb eller stad
  PROBLEM Ind. Rivadavia: hittade varken klubb eller stad
  PROBLEM Platense: hittade varken klubb eller stad
  PROBLEM Boca Juniors: hittade varken klubb eller stad
  PROBLEM Atl. San Luis: hittade varken klubb eller stad
  PROBLEM Tochigi City: hittade varken klubb eller stad
  PROBLEM IFK Haninge: hittade varken klubb eller stad
  PROBLEM United Nordic: hittade varken klubb eller stad
  PROBLEM Örebro Syrianska: hittade varken klubb eller stad
  PROBLEM Eskilsminne IF: hittade varken klubb eller stad
  PROBLEM IFK Skövde: hittade varken klubb eller stad
  PROBLEM Ariana: hittade varken klubb eller stad
  PROBLEM BK Olympic: hittade varken klubb eller stad
  PROBLEM Hässleholms IF: hittade varken klubb eller stad
  PROBLEM Joenkoeping S.: hittade varken klubb eller stad
  PROBLEM Stockholm Internazionale: hittade varken klubb eller stad
  PROBLEM Estudiantes Rio Cuarto: hittade varken klubb eller stad
  PROBLEM Järfälla: hittade varken klubb eller stad
exit=0
